// Jest Snapshot v1, https://goo.gl/fbAQLP

exports[`Componente Dropdown Se renderiza correctamente 1`] = `
<div>
  <div
    class="sc-d2cde2ad-1 ecdYQu"
  >
    <button
      class="sc-d2cde2ad-0 jPEGyg"
    >
      <img
        alt=""
        data-nimg="1"
        decoding="async"
        height="32"
        loading="lazy"
        src="./assets/icons/aeropay-1.svg"
        style="color: transparent;"
        width="32"
      />
      <span
        class="button__points"
      >
        1456
      </span>
      <img
        alt=""
        class="button__chevron "
        data-nimg="1"
        decoding="async"
        height="24"
        loading="lazy"
        src="./assets/icons/chevron-default.svg"
        style="color: transparent;"
        width="24"
      />
    </button>
  </div>
</div>
`;
